// Jest Snapshot v1, https://goo.gl/fbAQLP

exports[`compiler-core/codegen element 1`] = `
"
return function render(_ctx, _cache) {return }"
`;

exports[`compiler-core/codegen interpolation 1`] = `
"const { toDisplayString: _toDisplayString } = Vue
return function render(_ctx, _cache) {return _toDisplayString(_ctx.message)}"
`;

exports[`compiler-core/codegen string 1`] = `
"
return function render(_ctx, _cache) {return \\"hi\\"}"
`;
